------------------------------------------------------------
TimeQuest Timing Analyzer Summary
------------------------------------------------------------

Type  : Slow Model Setup 'KEY3'
Slack : -12.791
TNS   : -24794.520

Type  : Slow Model Setup 'MIPS:U1|ControleULA:U9|operation[0]'
Slack : -10.316
TNS   : -301.473

Type  : Slow Model Setup 'MIPS:U1|MemoriaInst:U2|inst[0]'
Slack : -7.167
TNS   : -215.007

Type  : Slow Model Hold 'MIPS:U1|MemoriaInst:U2|inst[0]'
Slack : -6.814
TNS   : -189.220

Type  : Slow Model Hold 'MIPS:U1|ControleULA:U9|operation[0]'
Slack : -2.136
TNS   : -38.061

Type  : Slow Model Hold 'KEY3'
Slack : -0.142
TNS   : -0.254

Type  : Slow Model Recovery 'MIPS:U1|MemoriaInst:U2|inst[0]'
Slack : -3.299
TNS   : -9.105

Type  : Slow Model Removal 'MIPS:U1|MemoriaInst:U2|inst[0]'
Slack : 1.121
TNS   : 0.000

Type  : Slow Model Minimum Pulse Width 'KEY3'
Slack : -1.627
TNS   : -2636.322

Type  : Slow Model Minimum Pulse Width 'MIPS:U1|MemoriaInst:U2|inst[0]'
Slack : -0.496
TNS   : -68.448

Type  : Slow Model Minimum Pulse Width 'MIPS:U1|ControleULA:U9|operation[0]'
Slack : 0.500
TNS   : 0.000

Type  : Fast Model Setup 'KEY3'
Slack : -5.288
TNS   : -10242.005

Type  : Fast Model Setup 'MIPS:U1|ControleULA:U9|operation[0]'
Slack : -4.755
TNS   : -137.674

Type  : Fast Model Setup 'MIPS:U1|MemoriaInst:U2|inst[0]'
Slack : -3.666
TNS   : -109.361

Type  : Fast Model Hold 'MIPS:U1|MemoriaInst:U2|inst[0]'
Slack : -3.396
TNS   : -94.720

Type  : Fast Model Hold 'MIPS:U1|ControleULA:U9|operation[0]'
Slack : -1.357
TNS   : -28.860

Type  : Fast Model Hold 'KEY3'
Slack : -0.525
TNS   : -2.970

Type  : Fast Model Recovery 'MIPS:U1|MemoriaInst:U2|inst[0]'
Slack : -1.511
TNS   : -4.225

Type  : Fast Model Removal 'MIPS:U1|MemoriaInst:U2|inst[0]'
Slack : 0.890
TNS   : 0.000

Type  : Fast Model Minimum Pulse Width 'KEY3'
Slack : -1.627
TNS   : -2636.322

Type  : Fast Model Minimum Pulse Width 'MIPS:U1|MemoriaInst:U2|inst[0]'
Slack : 0.070
TNS   : 0.000

Type  : Fast Model Minimum Pulse Width 'MIPS:U1|ControleULA:U9|operation[0]'
Slack : 0.500
TNS   : 0.000

------------------------------------------------------------
